******************************************************************************
                  TI ARM Linker PC v18.1.2                     
******************************************************************************
>> Linked Sat Sep 22 14:50:23 2018

OUTPUT FILE NAME:   <ble_powerbank_cc2640r2lp_app.out>
ENTRY POINT SYMBOL: "ResetISR"  address: 0000e831


MEMORY CONFIGURATION

         name            origin    length      used     unused   attr    fill
----------------------  --------  ---------  --------  --------  ----  --------
  FLASH                 00000000   0001f000  00014656  0000a9aa  R  X
  FLASH_LAST_PAGE       0001f000   00001000  00000058  00000fa8  R  X
  SRAM                  20000000   00004400  00002539  00001ec7  RW X


SEGMENT ALLOCATION MAP

run origin  load origin   length   init length attrs members
----------  ----------- ---------- ----------- ----- -------
00000000    00000000    0001365c   0001365c    r-x
  00000000    00000000    0000003c   0000003c    r-- .resetVecs
  0000003c    0000003c    00000fc4   00000fc4    r-x .text.1
  00001000    00001000    00000028   00000028    r-- .const:ti_sysbios_heaps_HeapMem_Module__FXNS__C
  00001028    00001028    00000024   00000024    r-- .const:ti_sysbios_gates_GateHwi_Module__FXNS__C
  0000104c    0000104c    00000024   00000024    r-- .const:ti_sysbios_gates_GateMutex_Module__FXNS__C
  00001070    00001070    00000020   00000020    r-- .const:ti_sysbios_family_arm_m3_Hwi_Object__DESC__C
  00001090    00001090    00000020   00000020    r-- .const:ti_sysbios_gates_GateHwi_Object__DESC__C
  000010b0    000010b0    00000020   00000020    r-- .const:ti_sysbios_gates_GateMutex_Object__DESC__C
  000010d0    000010d0    00000020   00000020    r-- .const:ti_sysbios_hal_Hwi_Object__DESC__C
  000010f0    000010f0    00000020   00000020    r-- .const:ti_sysbios_heaps_HeapMem_Object__DESC__C
  00001110    00001110    00000020   00000020    r-- .const:ti_sysbios_knl_Clock_Object__DESC__C
  00001130    00001130    00000020   00000020    r-- .const:ti_sysbios_knl_Event_Object__DESC__C
  00001150    00001150    00000020   00000020    r-- .const:ti_sysbios_knl_Mailbox_Object__DESC__C
  00001170    00001170    00000020   00000020    r-- .const:ti_sysbios_knl_Queue_Object__DESC__C
  00001190    00001190    00000020   00000020    r-- .const:ti_sysbios_knl_Semaphore_Object__DESC__C
  000011b0    000011b0    00000020   00000020    r-- .const:ti_sysbios_knl_Swi_Object__DESC__C
  000011d0    000011d0    00000020   00000020    r-- .const:ti_sysbios_knl_Task_Object__DESC__C
  000011f0    000011f0    00000008   00000008    r-- .const:ti_sysbios_knl_Idle_funcList__C
  000011f8    000011f8    00000004   00000004    r-- .const:ti_sysbios_family_arm_cc26xx_Timer_startupNeeded__C
  000011fc    000011fc    00000004   00000004    r-- .const:ti_sysbios_family_arm_m3_Hwi_E_alreadyDefined__C
  00001200    00001200    00000004   00000004    r-- .const:ti_sysbios_family_arm_m3_Hwi_E_hwiLimitExceeded__C
  00001204    00001204    00000004   00000004    r-- .const:ti_sysbios_family_arm_m3_Hwi_NUM_INTERRUPTS__C
  00001208    00001208    00000004   00000004    r-- .const:ti_sysbios_family_arm_m3_Hwi_Object__count__C
  0000120c    0000120c    00000004   00000004    r-- .const:ti_sysbios_family_arm_m3_Hwi_Object__table__C
  00001210    00001210    00000004   00000004    r-- .const:ti_sysbios_family_arm_m3_Hwi_ccr__C
  00001214    00001214    00000004   00000004    r-- .const:ti_sysbios_family_arm_m3_Hwi_excHandlerFunc__C
  00001218    00001218    00000004   00000004    r-- .const:ti_sysbios_family_arm_m3_Hwi_nullIsrFunc__C
  0000121c    0000121c    00000004   00000004    r-- .const:ti_sysbios_family_arm_m3_Hwi_numSparseInterrupts__C
  00001220    00001220    00000004   00000004    r-- .const:ti_sysbios_family_arm_m3_Hwi_priGroup__C
  00001224    00001224    00000004   00000004    r-- .const:ti_sysbios_family_arm_m3_TaskSupport_stackAlignment__C
  00001228    00001228    00000004   00000004    r-- .const:ti_sysbios_heaps_HeapMem_E_memory__C
  0000122c    0000122c    00000004   00000004    r-- .const:ti_sysbios_heaps_HeapMem_Module__gateObj__C
  00001230    00001230    00000004   00000004    r-- .const:ti_sysbios_heaps_HeapMem_Object__count__C
  00001234    00001234    00000004   00000004    r-- .const:ti_sysbios_heaps_HeapMem_Object__table__C
  00001238    00001238    00000004   00000004    r-- .const:ti_sysbios_heaps_HeapMem_reqAlign__C
  0000123c    0000123c    00000004   00000004    r-- .const:ti_sysbios_knl_Clock_triggerClock__C
  00001240    00001240    00000004   00000004    r-- .const:ti_sysbios_knl_Mailbox_Object__count__C
  00001244    00001244    00000004   00000004    r-- .const:ti_sysbios_knl_Mailbox_Object__table__C
  00001248    00001248    00000004   00000004    r-- .const:ti_sysbios_knl_Mailbox_maxTypeAlign__C
  0000124c    0000124c    00000004   00000004    r-- .const:ti_sysbios_knl_Queue_Object__count__C
  00001250    00001250    00000004   00000004    r-- .const:ti_sysbios_knl_Queue_Object__table__C
  00001254    00001254    00000004   00000004    r-- .const:ti_sysbios_knl_Semaphore_eventPost__C
  00001258    00001258    00000004   00000004    r-- .const:ti_sysbios_knl_Semaphore_eventSync__C
  0000125c    0000125c    00000004   00000004    r-- .const:ti_sysbios_knl_Swi_Object__count__C
  00001260    00001260    00000004   00000004    r-- .const:ti_sysbios_knl_Swi_Object__table__C
  00001264    00001264    00000004   00000004    r-- .const:ti_sysbios_knl_Swi_numPriorities__C
  00001268    00001268    00000004   00000004    r-- .const:ti_sysbios_knl_Task_Object__count__C
  0000126c    0000126c    00000004   00000004    r-- .const:ti_sysbios_knl_Task_Object__table__C
  00001270    00001270    00000004   00000004    r-- .const:ti_sysbios_knl_Task_allBlockedFunc__C
  00001274    00001274    00000004   00000004    r-- .const:ti_sysbios_knl_Task_defaultStackHeap__C
  00001278    00001278    00000004   00000004    r-- .const:ti_sysbios_knl_Task_defaultStackSize__C
  0000127c    0000127c    00000004   00000004    r-- .const:ti_sysbios_knl_Task_numConstructedTasks__C
  00001280    00001280    00000002   00000002    r-- .const:ti_sysbios_family_arm_cc26xx_Timer_Module__id__C
  00001282    00001282    00000002   00000002    r-- .const:ti_sysbios_family_arm_cc26xx_TimestampProvider_useClockTimer__C
  00001284    00001284    00000002   00000002    r-- .const:ti_sysbios_family_arm_m3_Hwi_Module__id__C
  00001286    00001286    00000002   00000002    r-- .const:ti_sysbios_gates_GateHwi_Module__id__C
  00001288    00001288    00000002   00000002    r-- .const:ti_sysbios_gates_GateMutex_Module__id__C
  0000128a    0000128a    00000002   00000002    r-- .const:ti_sysbios_heaps_HeapMem_Module__id__C
  0000128c    0000128c    00000002   00000002    r-- .const:ti_sysbios_knl_Task_initStackFlag__C
  0000128e    0000128e    00000001   00000001    r-- .const:ti_sysbios_knl_Clock_tickMode__C
  00001290    00001290    00000008   00000008    r-- .const:xdc_runtime_Startup_firstFxns__C
  00001298    00001298    00000008   00000008    r-- .const:xdc_runtime_Startup_lastFxns__C
  000012a0    000012a0    00000004   00000004    r-- .const:xdc_runtime_Assert_E_assertFailed__C
  000012a4    000012a4    00000004   00000004    r-- .const:xdc_runtime_Error_E_memory__C
  000012a8    000012a8    00000004   00000004    r-- .const:xdc_runtime_Error_policyFxn__C
  000012ac    000012ac    00000004   00000004    r-- .const:xdc_runtime_Error_raiseHook__C
  000012b0    000012b0    00000004   00000004    r-- .const:xdc_runtime_IGateProvider_Interface__BASE__C
  000012b4    000012b4    00000004   00000004    r-- .const:xdc_runtime_IHeap_Interface__BASE__C
  000012b8    000012b8    00000004   00000004    r-- .const:xdc_runtime_IModule_Interface__BASE__C
  000012bc    000012bc    00000004   00000004    r-- .const:xdc_runtime_Memory_defaultHeapInstance__C
  000012c0    000012c0    00000004   00000004    r-- .const:xdc_runtime_Startup_execImpl__C
  000012c4    000012c4    00000004   00000004    r-- .const:xdc_runtime_Startup_maxPasses__C
  000012c8    000012c8    00000004   00000004    r-- .const:xdc_runtime_Startup_sfxnRts__C
  000012cc    000012cc    00000004   00000004    r-- .const:xdc_runtime_Startup_sfxnTab__C
  000012d0    000012d0    00000004   00000004    r-- .const:xdc_runtime_Startup_startModsFxn__C
  000012d4    000012d4    00000004   00000004    r-- .const:xdc_runtime_SysCallback_abortFxn__C
  000012d8    000012d8    00000004   00000004    r-- .const:xdc_runtime_SysCallback_exitFxn__C
  000012dc    000012dc    00000004   00000004    r-- .const:xdc_runtime_System_abortFxn__C
  000012e0    000012e0    00000004   00000004    r-- .const:xdc_runtime_System_exitFxn__C
  000012e4    000012e4    00000004   00000004    r-- .const:xdc_runtime_System_maxAtexitHandlers__C
  000012e8    000012e8    00000004   00000004    r-- .const:xdc_runtime_Text_charTab__C
  000012ec    000012ec    00000004   00000004    r-- .const:xdc_runtime_Text_nameEmpty__C
  000012f0    000012f0    00000004   00000004    r-- .const:xdc_runtime_Text_nameStatic__C
  000012f4    000012f4    00000004   00000004    r-- .const:xdc_runtime_Text_nameUnknown__C
  000012f8    000012f8    00000002   00000002    r-- .const:xdc_runtime_Error_maxDepth__C
  000012fa    000012fa    00000002   00000002    r-- .const:xdc_runtime_Memory_Module__id__C
  000012fc    000012fc    00000002   00000002    r-- .const:xdc_runtime_Text_charCnt__C
  000012fe    000012fe    00000002   00000002    r-- .const:xdc_runtime_Text_isLoaded__C
  00001300    00001300    00000001   00000001    r-- .const:xdc_runtime_Error_policy__C
  00001304    00001304    00000004   00000004    r-- .const:ti_sysbios_rom_ROM_ti_sysbios_family_arm_cc26xx_Timer_getCount64__E
  00001308    00001308    00000004   00000004    r-- .const:ti_sysbios_rom_ROM_ti_sysbios_family_arm_cc26xx_Timer_getCurrentTick__E
  0000130c    0000130c    00000004   00000004    r-- .const:ti_sysbios_rom_ROM_ti_sysbios_family_arm_cc26xx_Timer_getMaxTicks__E
  00001310    00001310    00000004   00000004    r-- .const:ti_sysbios_rom_ROM_ti_sysbios_family_arm_cc26xx_Timer_initDevice__I
  00001314    00001314    00000004   00000004    r-- .const:ti_sysbios_rom_ROM_ti_sysbios_family_arm_cc26xx_Timer_setNextTick__E
  00001318    00001318    00000004   00000004    r-- .const:ti_sysbios_rom_ROM_ti_sysbios_family_arm_cc26xx_Timer_setThreshold__I
  0000131c    0000131c    00000004   00000004    r-- .const:ti_sysbios_rom_ROM_ti_sysbios_family_arm_cc26xx_Timer_start__E
  00001320    00001320    00000004   00000004    r-- .const:ti_sysbios_rom_ROM_ti_sysbios_family_arm_cc26xx_TimestampProvider_get32__E
  00001324    00001324    00000004   00000004    r-- .const:ti_sysbios_rom_ROM_xdc_runtime_Startup_getState__I
  00001328    00001328    00000004   00000004    r-- .const:ti_sysbios_rom_ROM_xdc_runtime_System_SupportProxy_abort__E
  0000132c    0000132c    00000004   00000004    r-- .const:ti_sysbios_rom_ROM_xdc_runtime_System_SupportProxy_exit__E
  00001330    00001330    00010aa8   00010aa8    r-x .text.2
  00011dd8    00011dd8    0000139e   0000139e    r-- .const
  00013178    00013178    00000090   00000090    r-- .rodata
  00013208    00013208    00000454   00000454    r-- .cinit
0001e000    0001e000    00001000   00001000    r--
  0001e000    0001e000    00001000   00001000    r-- .snvSectors
0001ffa8    0001ffa8    00000058   00000058    r--
  0001ffa8    0001ffa8    00000058   00000058    r-- .ccfg
20000100    20000100    00000106   00000000    rw-
  20000100    20000100    00000044   00000000    rw- .data:ti_sysbios_knl_Task_Module__state__V
  20000144    20000144    00000034   00000000    rw- .data:ti_sysbios_family_arm_m3_Hwi_Module__state__V
  20000178    20000178    0000002c   00000000    rw- .data:ti_sysbios_knl_Clock_Module__state__V
  200001a4    200001a4    00000024   00000000    rw- .data:ti_sysbios_BIOS_Module__state__V
  200001c8    200001c8    0000001c   00000000    rw- .data:ti_sysbios_knl_Swi_Module__state__V
  200001e4    200001e4    00000008   00000000    rw- .data:ti_sysbios_family_arm_cc26xx_Timer_Module__state__V
  200001ec    200001ec    00000004   00000000    rw- .data:ti_sysbios_family_arm_cc26xx_TimestampProvider_Module__state__V
  200001f0    200001f0    00000008   00000000    rw- .data:xdc_runtime_Startup_Module__state__V
  200001f8    200001f8    00000008   00000000    rw- .data:xdc_runtime_System_Module__state__V
  20000200    20000200    00000004   00000000    rw- .data:xdc_runtime_Memory_Module__state__V
  20000204    20000204    00000002   00000000    rw- .data:xdc_runtime_Error_Module__state__V
20000430    20000430    00000010   00000000    rw-
  20000430    20000430    00000010   00000000    rw- .TI.bound:dmaSpi0RxControlTableEntry
20000440    20000440    00000010   00000000    rw-
  20000440    20000440    00000010   00000000    rw- .TI.bound:dmaSpi0TxControlTableEntry
20000500    20000500    00000010   00000000    rw-
  20000500    20000500    00000010   00000000    rw- .TI.bound:dmaSpi1RxControlTableEntry
20000510    20000510    00001f3b   00000000    rw-
  20000510    20000510    00000010   00000000    rw- .TI.bound:dmaSpi1TxControlTableEntry
  20000520    20000520    00000a3d   00000000    rw- .data
  20000f60    20000f60    000014eb   00000000    rw- .bss
20004000    20004000    00000400   00000000    rw-
  20004000    20004000    00000400   00000000    rw- .stack


SECTION ALLOCATION MAP

 output                                  attributes/
section   page    origin      length       input sections
--------  ----  ----------  ----------   ----------------
.const:ti_sysbios_heaps_HeapMem_Module__FXNS__C 
*          0    00001000    00000028     
                  00001000    00000028     app_ble_pem3.oem3 (.const:ti_sysbios_heaps_HeapMem_Module__FXNS__C)

.const:ti_sysbios_gates_GateHwi_Module__FXNS__C 
*          0    00001028    00000024     
                  00001028    00000024     app_ble_pem3.oem3 (.const:ti_sysbios_gates_GateHwi_Module__FXNS__C)

.const:ti_sysbios_gates_GateMutex_Module__FXNS__C 
*          0    0000104c    00000024     
                  0000104c    00000024     app_ble_pem3.oem3 (.const:ti_sysbios_gates_GateMutex_Module__FXNS__C)

.const:ti_sysbios_family_arm_m3_Hwi_Object__DESC__C 
*          0    00001070    00000020     
                  00001070    00000020     app_ble_pem3.oem3 (.const:ti_sysbios_family_arm_m3_Hwi_Object__DESC__C)

.const:ti_sysbios_gates_GateHwi_Object__DESC__C 
*          0    00001090    00000020     
                  00001090    00000020     app_ble_pem3.oem3 (.const:ti_sysbios_gates_GateHwi_Object__DESC__C)

.const:ti_sysbios_gates_GateMutex_Object__DESC__C 
*          0    000010b0    00000020     
                  000010b0    00000020     app_ble_pem3.oem3 (.const:ti_sysbios_gates_GateMutex_Object__DESC__C)

.const:ti_sysbios_hal_Hwi_Object__DESC__C 
*          0    000010d0    00000020     
                  000010d0    00000020     app_ble_pem3.oem3 (.const:ti_sysbios_hal_Hwi_Object__DESC__C)

.const:ti_sysbios_heaps_HeapMem_Object__DESC__C 
*          0    000010f0    00000020     
                  000010f0    00000020     app_ble_pem3.oem3 (.const:ti_sysbios_heaps_HeapMem_Object__DESC__C)

.const:ti_sysbios_knl_Clock_Object__DESC__C 
*          0    00001110    00000020     
                  00001110    00000020     app_ble_pem3.oem3 (.const:ti_sysbios_knl_Clock_Object__DESC__C)

.const:ti_sysbios_knl_Event_Object__DESC__C 
*          0    00001130    00000020     
                  00001130    00000020     app_ble_pem3.oem3 (.const:ti_sysbios_knl_Event_Object__DESC__C)

.const:ti_sysbios_knl_Mailbox_Object__DESC__C 
*          0    00001150    00000020     
                  00001150    00000020     app_ble_pem3.oem3 (.const:ti_sysbios_knl_Mailbox_Object__DESC__C)

.const:ti_sysbios_knl_Queue_Object__DESC__C 
*          0    00001170    00000020     
                  00001170    00000020     app_ble_pem3.oem3 (.const:ti_sysbios_knl_Queue_Object__DESC__C)

.const:ti_sysbios_knl_Semaphore_Object__DESC__C 
*          0    00001190    00000020     
                  00001190    00000020     app_ble_pem3.oem3 (.const:ti_sysbios_knl_Semaphore_Object__DESC__C)

.const:ti_sysbios_knl_Swi_Object__DESC__C 
*          0    000011b0    00000020     
                  000011b0    00000020     app_ble_pem3.oem3 (.const:ti_sysbios_knl_Swi_Object__DESC__C)

.const:ti_sysbios_knl_Task_Object__DESC__C 
*          0    000011d0    00000020     
                  000011d0    00000020     app_ble_pem3.oem3 (.const:ti_sysbios_knl_Task_Object__DESC__C)

.const:ti_sysbios_knl_Idle_funcList__C 
*          0    000011f0    00000008     
                  000011f0    00000008     app_ble_pem3.oem3 (.const:ti_sysbios_knl_Idle_funcList__C)

.const:ti_sysbios_family_arm_cc26xx_Timer_startupNeeded__C 
*          0    000011f8    00000004     
                  000011f8    00000004     app_ble_pem3.oem3 (.const:ti_sysbios_family_arm_cc26xx_Timer_startupNeeded__C)

.const:ti_sysbios_family_arm_m3_Hwi_E_alreadyDefined__C 
*          0    000011fc    00000004     
                  000011fc    00000004     app_ble_pem3.oem3 (.const:ti_sysbios_family_arm_m3_Hwi_E_alreadyDefined__C)

.const:ti_sysbios_family_arm_m3_Hwi_E_hwiLimitExceeded__C 
*          0    00001200    00000004     
                  00001200    00000004     app_ble_pem3.oem3 (.const:ti_sysbios_family_arm_m3_Hwi_E_hwiLimitExceeded__C)

.const:ti_sysbios_family_arm_m3_Hwi_NUM_INTERRUPTS__C 
*          0    00001204    00000004     
                  00001204    00000004     app_ble_pem3.oem3 (.const:ti_sysbios_family_arm_m3_Hwi_NUM_INTERRUPTS__C)

.const:ti_sysbios_family_arm_m3_Hwi_Object__count__C 
*          0    00001208    00000004     
                  00001208    00000004     app_ble_pem3.oem3 (.const:ti_sysbios_family_arm_m3_Hwi_Object__count__C)

.const:ti_sysbios_family_arm_m3_Hwi_Object__table__C 
*          0    0000120c    00000004     
                  0000120c    00000004     app_ble_pem3.oem3 (.const:ti_sysbios_family_arm_m3_Hwi_Object__table__C)

.const:ti_sysbios_family_arm_m3_Hwi_ccr__C 
*          0    00001210    00000004     
                  00001210    00000004     app_ble_pem3.oem3 (.const:ti_sysbios_family_arm_m3_Hwi_ccr__C)

.const:ti_sysbios_family_arm_m3_Hwi_excHandlerFunc__C 
*          0    00001214    00000004     
                  00001214    00000004     app_ble_pem3.oem3 (.const:ti_sysbios_family_arm_m3_Hwi_excHandlerFunc__C)

.const:ti_sysbios_family_arm_m3_Hwi_nullIsrFunc__C 
*          0    00001218    00000004     
                  00001218    00000004     app_ble_pem3.oem3 (.const:ti_sysbios_family_arm_m3_Hwi_nullIsrFunc__C)

.const:ti_sysbios_family_arm_m3_Hwi_numSparseInterrupts__C 
*          0    0000121c    00000004     
                  0000121c    00000004     app_ble_pem3.oem3 (.const:ti_sysbios_family_arm_m3_Hwi_numSparseInterrupts__C)

.const:ti_sysbios_family_arm_m3_Hwi_priGroup__C 
*          0    00001220    00000004     
                  00001220    00000004     app_ble_pem3.oem3 (.const:ti_sysbios_family_arm_m3_Hwi_priGroup__C)

.const:ti_sysbios_family_arm_m3_TaskSupport_stackAlignment__C 
*          0    00001224    00000004     
                  00001224    00000004     app_ble_pem3.oem3 (.const:ti_sysbios_family_arm_m3_TaskSupport_stackAlignment__C)

.const:ti_sysbios_heaps_HeapMem_E_memory__C 
*          0    00001228    00000004     
                  00001228    00000004     app_ble_pem3.oem3 (.const:ti_sysbios_heaps_HeapMem_E_memory__C)

.const:ti_sysbios_heaps_HeapMem_Module__gateObj__C 
*          0    0000122c    00000004     
                  0000122c    00000004     app_ble_pem3.oem3 (.const:ti_sysbios_heaps_HeapMem_Module__gateObj__C)

.const:ti_sysbios_heaps_HeapMem_Object__count__C 
*          0    00001230    00000004     
                  00001230    00000004     app_ble_pem3.oem3 (.const:ti_sysbios_heaps_HeapMem_Object__count__C)

.const:ti_sysbios_heaps_HeapMem_Object__table__C 
*          0    00001234    00000004     
                  00001234    00000004     app_ble_pem3.oem3 (.const:ti_sysbios_heaps_HeapMem_Object__table__C)

.const:ti_sysbios_heaps_HeapMem_reqAlign__C 
*          0    00001238    00000004     
                  00001238    00000004     app_ble_pem3.oem3 (.const:ti_sysbios_heaps_HeapMem_reqAlign__C)

.const:ti_sysbios_knl_Clock_triggerClock__C 
*          0    0000123c    00000004     
                  0000123c    00000004     app_ble_pem3.oem3 (.const:ti_sysbios_knl_Clock_triggerClock__C)

.const:ti_sysbios_knl_Mailbox_Object__count__C 
*          0    00001240    00000004     
                  00001240    00000004     app_ble_pem3.oem3 (.const:ti_sysbios_knl_Mailbox_Object__count__C)

.const:ti_sysbios_knl_Mailbox_Object__table__C 
*          0    00001244    00000004     
                  00001244    00000004     app_ble_pem3.oem3 (.const:ti_sysbios_knl_Mailbox_Object__table__C)

.const:ti_sysbios_knl_Mailbox_maxTypeAlign__C 
*          0    00001248    00000004     
                  00001248    00000004     app_ble_pem3.oem3 (.const:ti_sysbios_knl_Mailbox_maxTypeAlign__C)

.const:ti_sysbios_knl_Queue_Object__count__C 
*          0    0000124c    00000004     
                  0000124c    00000004     app_ble_pem3.oem3 (.const:ti_sysbios_knl_Queue_Object__count__C)

.const:ti_sysbios_knl_Queue_Object__table__C 
*          0    00001250    00000004     
                  00001250    00000004     app_ble_pem3.oem3 (.const:ti_sysbios_knl_Queue_Object__table__C)

.const:ti_sysbios_knl_Semaphore_eventPost__C 
*          0    00001254    00000004     
                  00001254    00000004     app_ble_pem3.oem3 (.const:ti_sysbios_knl_Semaphore_eventPost__C)

.const:ti_sysbios_knl_Semaphore_eventSync__C 
*          0    00001258    00000004     
                  00001258    00000004     app_ble_pem3.oem3 (.const:ti_sysbios_knl_Semaphore_eventSync__C)

.const:ti_sysbios_knl_Swi_Object__count__C 
*          0    0000125c    00000004     
                  0000125c    00000004     app_ble_pem3.oem3 (.const:ti_sysbios_knl_Swi_Object__count__C)

.const:ti_sysbios_knl_Swi_Object__table__C 
*          0    00001260    00000004     
                  00001260    00000004     app_ble_pem3.oem3 (.const:ti_sysbios_knl_Swi_Object__table__C)

.const:ti_sysbios_knl_Swi_numPriorities__C 
*          0    00001264    00000004     
                  00001264    00000004     app_ble_pem3.oem3 (.const:ti_sysbios_knl_Swi_numPriorities__C)

.const:ti_sysbios_knl_Task_Object__count__C 
*          0    00001268    00000004     
                  00001268    00000004     app_ble_pem3.oem3 (.const:ti_sysbios_knl_Task_Object__count__C)

.const:ti_sysbios_knl_Task_Object__table__C 
*          0    0000126c    00000004     
                  0000126c    00000004     app_ble_pem3.oem3 (.const:ti_sysbios_knl_Task_Object__table__C)

.const:ti_sysbios_knl_Task_allBlockedFunc__C 
*          0    00001270    00000004     
                  00001270    00000004     app_ble_pem3.oem3 (.const:ti_sysbios_knl_Task_allBlockedFunc__C)

.const:ti_sysbios_knl_Task_defaultStackHeap__C 
*          0    00001274    00000004     
                  00001274    00000004     app_ble_pem3.oem3 (.const:ti_sysbios_knl_Task_defaultStackHeap__C)

.const:ti_sysbios_knl_Task_defaultStackSize__C 
*          0    00001278    00000004     
                  00001278    00000004     app_ble_pem3.oem3 (.const:ti_sysbios_knl_Task_defaultStackSize__C)

.const:ti_sysbios_knl_Task_numConstructedTasks__C 
*          0    0000127c    00000004     
                  0000127c    00000004     app_ble_pem3.oem3 (.const:ti_sysbios_knl_Task_numConstructedTasks__C)

.const:ti_sysbios_family_arm_cc26xx_Timer_Module__id__C 
*          0    00001280    00000002     
                  00001280    00000002     app_ble_pem3.oem3 (.const:ti_sysbios_family_arm_cc26xx_Timer_Module__id__C)

.const:ti_sysbios_family_arm_cc26xx_TimestampProvider_useClockTimer__C 
*          0    00001282    00000002     
                  00001282    00000002     app_ble_pem3.oem3 (.const:ti_sysbios_family_arm_cc26xx_TimestampProvider_useClockTimer__C)

.const:ti_sysbios_family_arm_m3_Hwi_Module__id__C 
*          0    00001284    00000002     
                  00001284    00000002     app_ble_pem3.oem3 (.const:ti_sysbios_family_arm_m3_Hwi_Module__id__C)

.const:ti_sysbios_gates_GateHwi_Module__id__C 
*          0    00001286    00000002     
                  00001286    00000002     app_ble_pem3.oem3 (.const:ti_sysbios_gates_GateHwi_Module__id__C)

.const:ti_sysbios_gates_GateMutex_Module__id__C 
*          0    00001288    00000002     
                  00001288    00000002     app_ble_pem3.oem3 (.const:ti_sysbios_gates_GateMutex_Module__id__C)

.const:ti_sysbios_heaps_HeapMem_Module__id__C 
*          0    0000128a    00000002     
                  0000128a    00000002     app_ble_pem3.oem3 (.const:ti_sysbios_heaps_HeapMem_Module__id__C)

.const:ti_sysbios_knl_Task_initStackFlag__C 
*          0    0000128c    00000002     
                  0000128c    00000002     app_ble_pem3.oem3 (.const:ti_sysbios_knl_Task_initStackFlag__C)

.const:ti_sysbios_knl_Clock_tickMode__C 
*          0    0000128e    00000001     
                  0000128e    00000001     app_ble_pem3.oem3 (.const:ti_sysbios_knl_Clock_tickMode__C)

.const:xdc_runtime_Startup_firstFxns__C 
*          0    00001290    00000008     
                  00001290    00000008     app_ble_pem3.oem3 (.const:xdc_runtime_Startup_firstFxns__C)

.const:xdc_runtime_Startup_lastFxns__C 
*          0    00001298    00000008     
                  00001298    00000008     app_ble_pem3.oem3 (.const:xdc_runtime_Startup_lastFxns__C)

.const:xdc_runtime_Assert_E_assertFailed__C 
*          0    000012a0    00000004     
                  000012a0    00000004     app_ble_pem3.oem3 (.const:xdc_runtime_Assert_E_assertFailed__C)

.const:xdc_runtime_Error_E_memory__C 
*          0    000012a4    00000004     
                  000012a4    00000004     app_ble_pem3.oem3 (.const:xdc_runtime_Error_E_memory__C)

.const:xdc_runtime_Error_policyFxn__C 
*          0    000012a8    00000004     
                  000012a8    00000004     app_ble_pem3.oem3 (.const:xdc_runtime_Error_policyFxn__C)

.const:xdc_runtime_Error_raiseHook__C 
*          0    000012ac    00000004     
                  000012ac    00000004     app_ble_pem3.oem3 (.const:xdc_runtime_Error_raiseHook__C)

.const:xdc_runtime_IGateProvider_Interface__BASE__C 
*          0    000012b0    00000004     
                  000012b0    00000004     app_ble_pem3.oem3 (.const:xdc_runtime_IGateProvider_Interface__BASE__C)

.const:xdc_runtime_IHeap_Interface__BASE__C 
*          0    000012b4    00000004     
                  000012b4    00000004     app_ble_pem3.oem3 (.const:xdc_runtime_IHeap_Interface__BASE__C)

.const:xdc_runtime_IModule_Interface__BASE__C 
*          0    000012b8    00000004     
                  000012b8    00000004     app_ble_pem3.oem3 (.const:xdc_runtime_IModule_Interface__BASE__C)

.const:xdc_runtime_Memory_defaultHeapInstance__C 
*          0    000012bc    00000004     
                  000012bc    00000004     app_ble_pem3.oem3 (.const:xdc_runtime_Memory_defaultHeapInstance__C)

.const:xdc_runtime_Startup_execImpl__C 
*          0    000012c0    00000004     
                  000012c0    00000004     app_ble_pem3.oem3 (.const:xdc_runtime_Startup_execImpl__C)

.const:xdc_runtime_Startup_maxPasses__C 
*          0    000012c4    00000004     
                  000012c4    00000004     app_ble_pem3.oem3 (.const:xdc_runtime_Startup_maxPasses__C)

.const:xdc_runtime_Startup_sfxnRts__C 
*          0    000012c8    00000004     
                  000012c8    00000004     app_ble_pem3.oem3 (.const:xdc_runtime_Startup_sfxnRts__C)

.const:xdc_runtime_Startup_sfxnTab__C 
*          0    000012cc    00000004     
                  000012cc    00000004     app_ble_pem3.oem3 (.const:xdc_runtime_Startup_sfxnTab__C)

.const:xdc_runtime_Startup_startModsFxn__C 
*          0    000012d0    00000004     
                  000012d0    00000004     app_ble_pem3.oem3 (.const:xdc_runtime_Startup_startModsFxn__C)

.const:xdc_runtime_SysCallback_abortFxn__C 
*          0    000012d4    00000004     
                  000012d4    00000004     app_ble_pem3.oem3 (.const:xdc_runtime_SysCallback_abortFxn__C)

.const:xdc_runtime_SysCallback_exitFxn__C 
*          0    000012d8    00000004     
                  000012d8    00000004     app_ble_pem3.oem3 (.const:xdc_runtime_SysCallback_exitFxn__C)

.const:xdc_runtime_System_abortFxn__C 
*          0    000012dc    00000004     
                  000012dc    00000004     app_ble_pem3.oem3 (.const:xdc_runtime_System_abortFxn__C)

.const:xdc_runtime_System_exitFxn__C 
*          0    000012e0    00000004     
                  000012e0    00000004     app_ble_pem3.oem3 (.const:xdc_runtime_System_exitFxn__C)

.const:xdc_runtime_System_maxAtexitHandlers__C 
*          0    000012e4    00000004     
                  000012e4    00000004     app_ble_pem3.oem3 (.const:xdc_runtime_System_maxAtexitHandlers__C)

.const:xdc_runtime_Text_charTab__C 
*          0    000012e8    00000004     
                  000012e8    00000004     app_ble_pem3.oem3 (.const:xdc_runtime_Text_charTab__C)

.const:xdc_runtime_Text_nameEmpty__C 
*          0    000012ec    00000004     
                  000012ec    00000004     app_ble_pem3.oem3 (.const:xdc_runtime_Text_nameEmpty__C)

.const:xdc_runtime_Text_nameStatic__C 
*          0    000012f0    00000004     
                  000012f0    00000004     app_ble_pem3.oem3 (.const:xdc_runtime_Text_nameStatic__C)

.const:xdc_runtime_Text_nameUnknown__C 
*          0    000012f4    00000004     
                  000012f4    00000004     app_ble_pem3.oem3 (.const:xdc_runtime_Text_nameUnknown__C)

.const:xdc_runtime_Error_maxDepth__C 
*          0    000012f8    00000002     
                  000012f8    00000002     app_ble_pem3.oem3 (.const:xdc_runtime_Error_maxDepth__C)

.const:xdc_runtime_Memory_Module__id__C 
*          0    000012fa    00000002     
                  000012fa    00000002     app_ble_pem3.oem3 (.const:xdc_runtime_Memory_Module__id__C)

.const:xdc_runtime_Text_charCnt__C 
*          0    000012fc    00000002     
                  000012fc    00000002     app_ble_pem3.oem3 (.const:xdc_runtime_Text_charCnt__C)

.const:xdc_runtime_Text_isLoaded__C 
*          0    000012fe    00000002     
                  000012fe    00000002     app_ble_pem3.oem3 (.const:xdc_runtime_Text_isLoaded__C)

.const:xdc_runtime_Error_policy__C 
*          0    00001300    00000001     
                  00001300    00000001     app_ble_pem3.oem3 (.const:xdc_runtime_Error_policy__C)

.const:ti_sysbios_rom_ROM_ti_sysbios_family_arm_cc26xx_Timer_getCount64__E 
*          0    00001304    00000004     
                  00001304    00000004     app_ble_pem3.oem3 (.const:ti_sysbios_rom_ROM_ti_sysbios_family_arm_cc26xx_Timer_getCount64__E)

.const:ti_sysbios_rom_ROM_ti_sysbios_family_arm_cc26xx_Timer_getCurrentTick__E 
*          0    00001308    00000004     
                  00001308    00000004     app_ble_pem3.oem3 (.const:ti_sysbios_rom_ROM_ti_sysbios_family_arm_cc26xx_Timer_getCurrentTick__E)

.const:ti_sysbios_rom_ROM_ti_sysbios_family_arm_cc26xx_Timer_getMaxTicks__E 
*          0    0000130c    00000004     
                  0000130c    00000004     app_ble_pem3.oem3 (.const:ti_sysbios_rom_ROM_ti_sysbios_family_arm_cc26xx_Timer_getMaxTicks__E)

.const:ti_sysbios_rom_ROM_ti_sysbios_family_arm_cc26xx_Timer_initDevice__I 
*          0    00001310    00000004     
                  00001310    00000004     app_ble_pem3.oem3 (.const:ti_sysbios_rom_ROM_ti_sysbios_family_arm_cc26xx_Timer_initDevice__I)

.const:ti_sysbios_rom_ROM_ti_sysbios_family_arm_cc26xx_Timer_setNextTick__E 
*          0    00001314    00000004     
                  00001314    00000004     app_ble_pem3.oem3 (.const:ti_sysbios_rom_ROM_ti_sysbios_family_arm_cc26xx_Timer_setNextTick__E)

.const:ti_sysbios_rom_ROM_ti_sysbios_family_arm_cc26xx_Timer_setThreshold__I 
*          0    00001318    00000004     
                  00001318    00000004     app_ble_pem3.oem3 (.const:ti_sysbios_rom_ROM_ti_sysbios_family_arm_cc26xx_Timer_setThreshold__I)

.const:ti_sysbios_rom_ROM_ti_sysbios_family_arm_cc26xx_Timer_start__E 
*          0    0000131c    00000004     
                  0000131c    00000004     app_ble_pem3.oem3 (.const:ti_sysbios_rom_ROM_ti_sysbios_family_arm_cc26xx_Timer_start__E)

.const:ti_sysbios_rom_ROM_ti_sysbios_family_arm_cc26xx_TimestampProvider_get32__E 
*          0    00001320    00000004     
                  00001320    00000004     app_ble_pem3.oem3 (.const:ti_sysbios_rom_ROM_ti_sysbios_family_arm_cc26xx_TimestampProvider_get32__E)

.const:ti_sysbios_rom_ROM_xdc_runtime_Startup_getState__I 
*          0    00001324    00000004     
                  00001324    00000004     app_ble_pem3.oem3 (.const:ti_sysbios_rom_ROM_xdc_runtime_Startup_getState__I)

.const:ti_sysbios_rom_ROM_xdc_runtime_System_SupportProxy_abort__E 
*          0    00001328    00000004     
                  00001328    00000004     app_ble_pem3.oem3 (.const:ti_sysbios_rom_ROM_xdc_runtime_System_SupportProxy_abort__E)

.const:ti_sysbios_rom_ROM_xdc_runtime_System_SupportProxy_exit__E 
*          0    0000132c    00000004     
                  0000132c    00000004     app_ble_pem3.oem3 (.const:ti_sysbios_rom_ROM_xdc_runtime_System_SupportProxy_exit__E)

.data:ti_sysbios_knl_Task_Module__state__V 
*          0    20000100    00000044     UNINITIALIZED
                  20000100    00000044     app_ble_pem3.oem3 (.data:ti_sysbios_knl_Task_Module__state__V)

.data:ti_sysbios_family_arm_m3_Hwi_Module__state__V 
*          0    20000144    00000034     UNINITIALIZED
                  20000144    00000034     app_ble_pem3.oem3 (.data:ti_sysbios_family_arm_m3_Hwi_Module__state__V)

.data:ti_sysbios_knl_Clock_Module__state__V 
*          0    20000178    0000002c     UNINITIALIZED
                  20000178    0000002c     app_ble_pem3.oem3 (.data:ti_sysbios_knl_Clock_Module__state__V)

.data:ti_sysbios_BIOS_Module__state__V 
*          0    200001a4    00000024     UNINITIALIZED
                  200001a4    00000024     app_ble_pem3.oem3 (.data:ti_sysbios_BIOS_Module__state__V)

.data:ti_sysbios_knl_Swi_Module__state__V 
*          0    200001c8    0000001c     UNINITIALIZED
                  200001c8    0000001c     app_ble_pem3.oem3 (.data:ti_sysbios_knl_Swi_Module__state__V)

.data:ti_sysbios_family_arm_cc26xx_Timer_Module__state__V 
*          0    200001e4    00000008     UNINITIALIZED
                  200001e4    00000008     app_ble_pem3.oem3 (.data:ti_sysbios_family_arm_cc26xx_Timer_Module__state__V)

.data:ti_sysbios_family_arm_cc26xx_TimestampProvider_Module__state__V 
*          0    200001ec    00000004     UNINITIALIZED
                  200001ec    00000004     app_ble_pem3.oem3 (.data:ti_sysbios_family_arm_cc26xx_TimestampProvider_Module__state__V)

.data:xdc_runtime_Startup_Module__state__V 
*          0    200001f0    00000008     UNINITIALIZED
                  200001f0    00000008     app_ble_pem3.oem3 (.data:xdc_runtime_Startup_Module__state__V)

.data:xdc_runtime_System_Module__state__V 
*          0    200001f8    00000008     UNINITIALIZED
                  200001f8    00000008     app_ble_pem3.oem3 (.data:xdc_runtime_System_Module__state__V)

.data:xdc_runtime_Memory_Module__state__V 
*          0    20000200    00000004     UNINITIALIZED
                  20000200    00000004     app_ble_pem3.oem3 (.data:xdc_runtime_Memory_Module__state__V)

.data:xdc_runtime_Error_Module__state__V 
*          0    20000204    00000002     UNINITIALIZED
                  20000204    00000002     app_ble_pem3.oem3 (.data:xdc_runtime_Error_Module__state__V)

.bootVecs 
*          0    00000000    00000008     DSECT
                  00000000    00000008     boot.aem3 : boot.oem3 (.bootVecs)

.resetVecs 
*          0    00000000    0000003c     
                  00000000    0000003c     app_ble_pem3.oem3 (.resetVecs)

.vecs      0    20000000    000000c8     NOLOAD SECTION
                  20000000    000000c8     app_ble_pem3.oem3 (.vecs)

xdc.meta   0    00000000    00000117     COPY SECTION
                  00000000    00000117     app_ble_pem3.oem3 (xdc.meta)

xdc.noload 
*          0    00000000    00000000     COPY SECTION

.cinit     0    00013208    00000454     
                  00013208    000002d1     (.cinit..data.load) [load image, compression = lzss]
                  000134d9    00000028     (.cinit..data:ti_sysbios_family_arm_m3_Hwi_Module__state__V.load) [load image, compression = lzss]
                  00013501    00000021     (.cinit..data:ti_sysbios_knl_Task_Module__state__V.load) [load image, compression = lzss]
                  00013522    0000001f     (.cinit..data:ti_sysbios_BIOS_Module__state__V.load) [load image, compression = lzss]
                  00013541    0000001e     (.cinit..data:ti_sysbios_knl_Clock_Module__state__V.load) [load image, compression = lzss]
                  0001355f    00000010     (.cinit..data:ti_sysbios_knl_Swi_Module__state__V.load) [load image, compression = lzss]
                  0001356f    00000001     --HOLE-- [fill = 0]
                  00013570    0000000c     (__TI_handler_table)
                  0001357c    0000000b     (.cinit..data:ti_sysbios_family_arm_cc26xx_Timer_Module__state__V.load) [load image, compression = lzss]
                  00013587    00000001     --HOLE-- [fill = 0]
                  00013588    00000008     (.cinit..TI.bound:dmaSpi0RxControlTableEntry.load) [load image, compression = zero_init]
                  00013590    00000008     (.cinit..TI.bound:dmaSpi0TxControlTableEntry.load) [load image, compression = zero_init]
                  00013598    00000008     (.cinit..TI.bound:dmaSpi1RxControlTableEntry.load) [load image, compression = zero_init]
                  000135a0    00000008     (.cinit..TI.bound:dmaSpi1TxControlTableEntry.load) [load image, compression = zero_init]
                  000135a8    00000008     (.cinit..bss.load) [load image, compression = zero_init]
                  000135b0    00000008     (.cinit..data:xdc_runtime_Memory_Module__state__V.load) [load image, compression = lzss]
                  000135b8    00000007     (.cinit..data:ti_sysbios_family_arm_cc26xx_TimestampProvider_Module__state__V.load) [load image, compression = lzss]
                  000135bf    00000007     (.cinit..data:xdc_runtime_Startup_Module__state__V.load) [load image, compression = lzss]
                  000135c6    00000007     (.cinit..data:xdc_runtime_System_Module__state__V.load) [load image, compression = lzss]
                  000135cd    00000006     (.cinit..data:xdc_runtime_Error_Module__state__V.load) [load image, compression = lzss]
                  000135d3    00000001     --HOLE-- [fill = 0]
                  000135d4    00000088     (__TI_cinit_table)

.init_array 
*          0    00000000    00000000     UNINITIALIZED

.snvSectors 
*          0    0001e000    00001000     
                  0001e000    00001000     ble_powerbank_cc2640r2lp_stack_library.lib : osal_snv_wrapper.obj (.snvSectors:retain)

.ccfg      0    0001ffa8    00000058     
                  0001ffa8    00000058     ccfg_app_ble.obj (.ccfg:retain)

.TI.bound:dmaSpi0RxControlTableEntry 
*          0    20000430    00000010     UNINITIALIZED
                  20000430    00000010     drivers_cc26x0r2.aem3 : SPICC26XXDMA.oem3 (.TI.bound:dmaSpi0RxControlTableEntry)

.TI.bound:dmaSpi0TxControlTableEntry 
*          0    20000440    00000010     UNINITIALIZED
                  20000440    00000010     drivers_cc26x0r2.aem3 : SPICC26XXDMA.oem3 (.TI.bound:dmaSpi0TxControlTableEntry)

.TI.bound:dmaSpi1RxControlTableEntry 
*          0    20000500    00000010     UNINITIALIZED
                  20000500    00000010     drivers_cc26x0r2.aem3 : SPICC26XXDMA.oem3 (.TI.bound:dmaSpi1RxControlTableEntry)

.TI.bound:dmaSpi1TxControlTableEntry 
*          0    20000510    00000010     UNINITIALIZED
                  20000510    00000010     drivers_cc26x0r2.aem3 : SPICC26XXDMA.oem3 (.TI.bound:dmaSpi1TxControlTableEntry)

.data      0    20000520    00000a3d     UNINITIALIZED
                  20000520    00000174     ble_powerbank_cc2640r2lp_stack_library.lib : gapbondmgr.obj (.data:$O1$$)
                  20000694    00000114     drivers_cc26x0r2.aem3 : PINCC26XX.oem3 (.data:$O1$$)
                  200007a8    00000114                           : PowerCC26XX.oem3 (.data:PowerCC26XX_module)
                  200008bc    000000f0     LiPoBattService.obj (.data:LiPoBattServiceAttrTbl)
                  200009ac    0000007c     ble_powerbank_cc2640r2lp_stack_library.lib : osal_cbtimer.obj (.data:$O1$$)
                  20000a28    00000070     cc26xx_profiles_pxxx.a : gapgattserver.o (.data)
                  20000a98    0000004c     app_ble_pem3.oem3 (.data:ti_sysbios_knl_Task_Object__table__V)
                  20000ae4    00000004     ble_powerbank_cc2640r2lp_stack_library.lib : osal_pwrmgr.obj (.data:$O1$$)
                  20000ae8    00000048     app_ble_pem3.oem3 (.data:ti_sysbios_family_arm_cc26xx_Timer_Object__table__V)
                  20000b30    00000038     app_ble_pem3.oem3 (.data:ti_sysbios_gates_GateMutex_Object__table__V)
                  20000b68    00000030     cc2640_ll_pxxx.a : ll_config.o (.data)
                  20000b98    00000030     app_ble_pem3.oem3 (.data:ti_sysbios_knl_Swi_Module_State_0_readyQ__A)
                  20000bc8    00000030     app_ble_pem3.oem3 (.data:ti_sysbios_knl_Swi_Object__table__V)
                  20000bf8    00000030     app_ble_pem3.oem3 (.data:ti_sysbios_knl_Task_Module_State_0_readyQ__A)
                  20000c28    00000028     ble_powerbank_cc2640r2lp_stack_library.lib : osal.obj (.data:$O1$$)
                  20000c50    00000024     cc26xx_profiles_pxxx.a : gapgattserver.o (.data)
                  20000c74    00000020     lcd.aem3 : SharpGrLib.oem3 (.data:$O1$$)
                  20000c94    00000020     app_ble_pem3.oem3 (.data:ti_sysbios_knl_Clock_Object__table__V)
                  20000cb4    00000020     app_ble_pem3.oem3 (.data:xdc_runtime_Error_IgnoreBlock)
                  20000cd4    0000001f     peripheral.obj (.data:gapRole_AdvertData)
                  20000cf3    0000001f     peripheral.obj (.data:gapRole_ScanRspData)
                  20000d12    00000002     LiPoBattService.obj (.data:LiPoBattService_LipoBattValCharVal)
                  20000d14    0000001c     icall.obj (.data)
                  20000d30    0000001c     peripheral.obj (.data)
                  20000d4c    00000019     ble_powerbank.obj (.data:scanRspData)
                  20000d65    00000001     ECCROMCC26XX.obj (.data)
                  20000d66    00000002     app_ble_pem3.oem3 (.data:ti_sysbios_family_arm_m3_Hwi_Module_State_0_excActive__A)
                  20000d68    00000018     app_ble_pem3.oem3 (.data:ti_sysbios_family_arm_m3_Hwi_Object__table__V)
                  20000d80    00000015     ble_powerbank.obj (.data:attDeviceName)
                  20000d95    00000001     LiPoBattService.obj (.data:LiPoBattService_LiPoBattCritCharVal)
                  20000d96    00000001     LiPoBattService.obj (.data:LiPoBattService_LiPoBattHiCharVal)
                  20000d97    00000001     LiPoBattService.obj (.data:LiPoBattService_LiPoBattNotiCharVal)
                  20000d98    00000015     ble_powerbank.obj (.data)
                  20000dad    00000012     LiPoBattService.obj (.data:LipoNotiDesc)
                  20000dbf    00000001     TRNGCC26XX.obj (.data)
                  20000dc0    00000010     ble_powerbank.obj (.data:BLEPowerBankPinTable)
                  20000dd0    00000010     LiPoBattService.obj (.data:LipoBattCritDesc)
                  20000de0    00000010     LiPoBattService.obj (.data:LipoBattHiDesc)
                  20000df0    00000010     icall_user_config.obj (.data:bleAppServiceInfoTable)
                  20000e00    00000010     cc26xx_profiles_pxxx.a : gattservapp.o (.data)
                  20000e10    00000010     icall_api_lite.obj (.data)
                  20000e20    00000010     ble_user_config.obj (.data:rfRegTbl)
                  20000e30    00000010     main.obj (.data:user0Cfg)
                  20000e40    0000000e     LiPoBattService.obj (.data:LipoBattValDesc)
                  20000e4e    00000001     ble_powerbank_cc2640r2lp_stack_library.lib : npi.obj (.data)
                  20000e4f    00000001     cc26xx_profiles_pxxx.a : gapgattserver.o (.data)
                  20000e50    0000000c     ble_powerbank.obj (.data:ButtonTableWakeUp)
                  20000e5c    0000000c     app_ble_pem3.oem3 (.data:ti_sysbios_heaps_HeapCallback_Object__table__V)
                  20000e68    0000000a     peripheral.obj (.data:gapRole_updateConnParams)
                  20000e72    00000001     cc26xx_profiles_pxxx.a : gapgattserver.o (.data)
                  20000e73    00000001                            : gapgattserver.o (.data)
                  20000e74    00000008     ble_powerbank_cc2640r2lp_stack_library.lib : hal_assert.obj (.data:$O1$$)
                  20000e7c    00000008                                                : osal_clock.obj (.data:$O1$$)
                  20000e84    00000008     rtsv7M3_T_le_eabi.lib : _lock.c.obj (.data:$O1$$)
                  20000e8c    00000008     ble_powerbank.obj (.data:BLE_PowerBank_BondMgrCBs)
                  20000e94    00000008     LiPoBattService.obj (.data)
                  20000e9c    00000008     cc2640_ll_pxxx.a : ll_data.o (.data)
                  20000ea4    00000008     icall_cc2650.obj (.data)
                  20000eac    00000008     app_ble_pem3.oem3 (.data:ti_sysbios_family_arm_m3_Hwi_Module__root__V)
                  20000eb4    00000008     app_ble_pem3.oem3 (.data:ti_sysbios_gates_GateHwi_Module__root__V)
                  20000ebc    00000008     app_ble_pem3.oem3 (.data:ti_sysbios_gates_GateMutex_Module__root__V)
                  20000ec4    00000008     app_ble_pem3.oem3 (.data:ti_sysbios_hal_Hwi_Module__root__V)
                  20000ecc    00000008     app_ble_pem3.oem3 (.data:ti_sysbios_heaps_HeapCallback_Module__root__V)
                  20000ed4    00000008     app_ble_pem3.oem3 (.data:ti_sysbios_heaps_HeapMem_Module__root__V)
                  20000edc    00000008     app_ble_pem3.oem3 (.data:ti_sysbios_knl_Clock_Module__root__V)
                  20000ee4    00000008     app_ble_pem3.oem3 (.data:ti_sysbios_knl_Event_Module__root__V)
                  20000eec    00000008     app_ble_pem3.oem3 (.data:ti_sysbios_knl_Mailbox_Module__root__V)
                  20000ef4    00000008     app_ble_pem3.oem3 (.data:ti_sysbios_knl_Queue_Module__root__V)
                  20000efc    00000008     app_ble_pem3.oem3 (.data:ti_sysbios_knl_Semaphore_Module__root__V)
                  20000f04    00000008     app_ble_pem3.oem3 (.data:ti_sysbios_knl_Swi_Module__root__V)
                  20000f0c    00000008     app_ble_pem3.oem3 (.data:ti_sysbios_knl_Task_Module__root__V)
                  20000f14    00000008     app_ble_pem3.oem3 (.data:xdc_runtime_Registry_Module__state__V)
                  20000f1c    00000007     ble_powerbank.obj (.data:advertData)
                  20000f23    00000006     peripheral.obj (.data:gapRole_AdvDirectAddr)
                  20000f29    00000006     peripheral.obj (.data:gapRole_ConnectedDevAddr)
                  20000f2f    00000001     drivers_cc26x0r2.aem3 : I2C.oem3 (.data)
                  20000f30    00000004     ble_powerbank_cc2640r2lp_stack_library.lib : osal_snv_wrapper.obj (.data:$O1$$)
                  20000f34    00000004     ble_powerbank.obj (.data:BLE_PowerBank_LiPoBattServiceCBs)
                  20000f38    00000004     ble_powerbank.obj (.data:BLE_PowerBank_gapRoleCBs)
                  20000f3c    00000004     icall.obj (.data:ICall_initParams)
                  20000f40    00000004     ble_powerbank_cc2640r2lp_stack_library.lib : ble_user_config.obj (.data)
                  20000f44    00000004                                                : osal_bufmgr.obj (.data)
                  20000f48    00000004     ble_user_config.obj (.data)
                  20000f4c    00000004     rtsv7M3_T_le_eabi.lib : stkdepth_vars.c.obj (.data)
                  20000f50    00000004     app_ble_pem3.oem3 (.data:ti_sysbios_family_arm_m3_Hwi_Module_State_0_excContext__A)
                  20000f54    00000004     app_ble_pem3.oem3 (.data:ti_sysbios_family_arm_m3_Hwi_Module_State_0_excStack__A)
                  20000f58    00000004     app_ble_pem3.oem3 (.data:ti_sysbios_knl_Task_Module_State_0_idleTask__A)
                  20000f5c    00000001     drivers_cc26x0r2.aem3 : SPI.oem3 (.data)

.bss       0    20000f60    000014eb     UNINITIALIZED
                  20000f60    00000480     CC2640R2_LAUNCHXL.obj (.bss:sharpDisplayBuf)
                  200013e0    00000284     (.common:sbpTaskStack)
                  20001664    00000004     ECCROMCC26XX.obj (.bss)
                  20001668    00000200     app_ble_pem3.oem3 (.bss:taskStackSection)
                  20001868    000001e0     (.common:gapRoleTaskStack)
                  20001a48    000001b8     (.common:spiCC26XXDMAObjects)
                  20001c00    00000140     RFCC26XX_singleMode.obj (.bss:aCmdPool)
                  20001d40    000000e0     (.common:i2cCC26xxObjects)
                  20001e20    000000c8     (.common:ti_sysbios_family_arm_m3_Hwi_dispatchTable)
                  20001ee8    00000080     (.common:cryptoCC26XXObjects)
                  20001f68    0000006c     (.common:displaySharpObject)
                  20001fd4    00000050     (.common:gapRoleTask)
                  20002024    00000050     (.common:sbpTask)
                  20002074    00000048     icall.obj (.bss:ICall_entities)
                  200020bc    00000040     RFCC26XX_singleMode.obj (.bss:ratModule)
                  200020fc    00000034     RFCC26XX_singleMode.obj (.bss:swiFsm)
                  20002130    00000034     RFCC26XX_singleMode.obj (.bss:swiHw)
                  20002164    00000028     RFCC26XX_singleMode.obj (.bss)
                  2000218c    00000024     icall.obj (.bss:ICall_tasks)
                  200021b0    00000024     ble_powerbank.obj (.bss:bq27441readClock)
                  200021d4    00000024     RFCC26XX_singleMode.obj (.bss:clkPowerUp)
                  200021f8    00000024     ble_powerbank.obj (.bss:periodicClock)
                  2000221c    00000024     peripheral.obj (.bss:startAdvClock)
                  20002240    00000024     peripheral.obj (.bss:startUpdateClock)
                  20002264    00000024     peripheral.obj (.bss:updateTimeoutClock)
                  20002288    00000020     (.common:udmaObjects)
                  200022a8    0000001c     drivers_cc26x0r2.aem3 : CryptoCC26XX.oem3 (.bss:CryptoSem)
                  200022c4    0000001c     RFCC26XX_singleMode.obj (.bss:hwiCpe0)
                  200022e0    0000001c     RFCC26XX_singleMode.obj (.bss:hwiHw)
                  200022fc    0000001c     (.common:i2cTransaction)
                  20002318    0000001a     ble_powerbank.obj (.bss)
                  20002332    00000001     cc2640_hci_tl_none.a : hci_tl.o (.bss)
                  20002333    00000001                          : hci_tl.o (.bss)
                  20002334    00000014     RFCC26XX_singleMode.obj (.bss:RF_wakeupNotifyObj)
                  20002348    00000014     RFCC26XX_singleMode.obj (.bss:cmdQ)
                  2000235c    00000014     driverlib.lib : osc.obj (.bss:oscHfGlobals)
                  20002370    00000014     peripheral.obj (.bss)
                  20002384    00000014     RFCC26XX_singleMode.obj (.bss:ratCmd)
                  20002398    00000010     peripheral.obj (.bss:gapRole_IRK)
                  200023a8    00000010     peripheral.obj (.bss:gapRole_SRK)
                  200023b8    00000010     (.common:i2cParams)
                  200023c8    0000000c     ble_powerbank_cc2640r2lp_stack_library.lib : osal_timers.obj (.bss:$O1$$)
                  200023d4    0000000c     ble_powerbank.obj (.bss:appMsg)
                  200023e0    0000000c     ble_powerbank.obj (.bss:blePowerBankPinState)
                  200023ec    0000000c     cc2640_ll_pxxx.a : ll_scheduler.o (.bss)
                  200023f8    0000000c     icall.obj (.bss)
                  20002404    00000008     dpl_cc26x0r2.aem3 : PowerCC26XX_tirtos.oem3 (.bss:$O1$$)
                  2000240c    00000008     LiPoBattService.obj (.bss)
                  20002414    00000008     peripheral.obj (.bss:gapRole_bdAddr)
                  2000241c    00000008     driverlib.lib : sys_ctrl.obj (.bss:powerQualGlobals)
                  20002424    00000004     cc26xx_profiles_pxxx.a : gapgattserver.o (.bss)
                  20002428    00000004     (.common:ClockP_tickPeriod)
                  2000242c    00000004     (.common:HEAPMGR_SIZE)
                  20002430    00000004     (.common:i2c)
                  20002434    00000004     (.common:rxBuffer)
                  20002438    00000004     (.common:tasksEvents)
                  2000243c    00000004     (.common:trngCC26XXObjects)
                  20002440    00000004     (.common:txBuffer)
                  20002444    00000001     cc2640_hci_tl_none.a : hci_tl.o (.bss)
                  20002445    00000001                          : hci_tl.o (.bss)
                  20002446    00000001                          : hci_tl.o (.bss)
                  20002447    00000001     (.common:driverlib_release_0_49664)
                  20002448    00000001     (.common:g_hwiInt)
                  20002449    00000001     (.common:icall_liteTaskId)
                  2000244a    00000001     (.common:osal_entity)

.vtable    0    2000244b    00000000     UNINITIALIZED

.vtable_ram 
*          0    2000244b    00000000     UNINITIALIZED

vtable_ram 
*          0    2000244b    00000000     UNINITIALIZED

.sysmem    0    2000244b    00000000     UNINITIALIZED

.nonretenvar 
*          0    2000244b    00000000     UNINITIALIZED

.stack     0    20004000    00000400     UNINITIALIZED
                  20004000    00000400     --HOLE--

.text.1    0    0000003c    00000fc4     
                  0000003c    000005c0     cc2640_ll_pxxx.a : ll.o (.text)
                  000005fc    00000008     ble_r2.symbols (.tramp.LL_ENC_GenerateTrueRandNum.1)
                  00000604    00000008     ble_r2.symbols (.tramp.LL_PRIV_GenerateRSA.1)
                  0000060c    00000008     ble_r2.symbols (.tramp.LL_ENC_Init.1)
                  00000614    00000578     peripheral.obj (.text:GAPRole_SetParameter)
                  00000b8c    00000360     RFCC26XX_singleMode.obj (.text:fsmActiveState)
                  00000eec    00000008     (.tramp.ti_sysbios_family_arm_m3_Hwi_restoreFxn__E.1)
                  00000ef4    0000010c     LiPoBattService.obj (.text:LiPoBattService_SetParameter)

.text.2    0    00001330    00010aa8     
                  00001330    00000548     peripheral.obj (.text:gapRole_processGAPMsg)
                  00001878    0000047c     ble_powerbank.obj (.text:BLE_PowerBank_init)
                  00001cf4    00000314     drivers_cc26x0r2.aem3 : PowerCC26XX_calibrateRCOSC.oem3 (.text:PowerCC26XX_auxISR)
                  00002008    0000030c     rom_sysbios.aem3 : rom_sysbios.obj (.text:xdc_runtime_System_doPrint__I)
                  00002314    00000300     cc2640_ll_pxxx.a : ll_scheduler.o (.text)
                  00002614    000002e4                      : ll.o (.text)
                  000028f8    000002d0     grlib.aem3 : string.oem3 (.text:Graphics_drawString)
                  00002bc8    000002c4     drivers_cc26x0r2.aem3 : SPICC26XXDMA.oem3 (.text:SPICC26XXDMA_transfer)
                  00002e8c    0000027c     ble_powerbank.obj (.text:BLE_PowerBank_ReadBQ27441)
                  00003108    00000274     peripheral.obj (.text:GAPRole_GetParameter)
                  0000337c    00000258     drivers_cc26x0r2.aem3 : CryptoCC26XX.oem3 (.text:cryptoTransactionExecute)
                  000035d4    00000244                           : PowerCC26XX.oem3 (.text:Power_sleep)
                  00003818    00000238     cc26xx_profiles_pxxx.a : gapgattserver.o (.text)
                  00003a50    00000230     main.obj (.text:AssertHandler)
                  00003c80    0000022c     ble_powerbank_cc2640r2lp_stack_library.lib : gapbondmgr.obj (.text:GAPBondMgr_SetParameter)
                  00003eac    00000220     cc2640_ll_pxxx.a : ll_isr.o (.text)
                  000040cc    00000214                      : ll_common.o (.text)
                  000042e0    0000020c     driverlib.lib : sys_ctrl.obj (.text:NOROM_SysCtrlSetRechargeBeforePowerDown)
                  000044ec    00000204     cc26xx_profiles_pxxx.a : gattservapp.o (.text)
                  000046f0    00000204     cc26xx_sm_pxxx.a : sm_pairing.o (.text)
                  000048f4    000001f4     RFCC26XX_singleMode.obj (.text:fsmSetupState)
                  00004ae8    000001f0     ECCROMCC26XX.obj (.text:ECCROMCC26XX_genDHKey)
                  00004cd8    000001e4     ble_powerbank_cc2640r2lp_stack_library.lib : gapbondmgr.obj (.text:GAPBondMgr_ProcessGAPMsg)
                  00004ebc    000001d0                                                : gapbondmgr.obj (.text:gapBondMgrAddBond)
                  0000508c    000001c8                                                : osal.obj (.text:osal_run_system)
                  00005254    000001c4     cc2640_ll_pxxx.a : ll_isr.o (.text)
                  00005418    000001bc     drivers_cc26x0r2.aem3 : PINCC26XX.oem3 (.text:PIN_init)
                  000055d4    000001a8     cc2640_ll_pxxx.a : ll_isr.o (.text)
                  0000577c    00000194     ble_powerbank.obj (.text:BLE_PowerBank_taskFxn)
                  00005910    00000190     drivers_cc26x0r2.aem3 : PowerCC26XX_calibrateRCOSC.oem3 (.text:PowerCC26XX_doCalibrate)
                  00005aa0    0000018c     ECCROMCC26XX.obj (.text:ECCROMCC26XX_genKeys)
                  00005c2c    00000180     HAL_BQ27411.obj (.text:BQ27441_initConfig)
                  00005dac    00000180     ble_powerbank_cc2640r2lp_stack_library.lib : gapbondmgr.obj (.text:gapBondMgrAuthenticate)
                  00005f2c    0000016c     cc2640_ll_pxxx.a : ll.o (.text)
                  00006098    0000016c     peripheral.obj (.text:gapRole_taskFxn)
                  00006204    00000168     LiPoBattService.obj (.text:LiPoBattService_ReadAttrCB)
                  0000636c    00000158     drivers_cc26x0r2.aem3 : SPICC26XXDMA.oem3 (.text:SPICC26XXDMA_initIO)
                  000064c4    00000158     RFCC26XX_singleMode.obj (.text:rf_init)
                  0000661c    00000154     drivers_cc26x0r2.aem3 : I2CCC26XX.oem3 (.text:I2CCC26XX_open)
                  00006770    00000150     ble_powerbank_cc2640r2lp_stack_library.lib : gapbondmgr.obj (.text:GAPBondMgr_ProcessEvent)
                  000068c0    00000148     RFCC26XX_singleMode.obj (.text:radioOpDoneCb)
                  00006a08    00000140     icall.obj (.text:ICall_waitMatch)
                  00006b48    00000140     drivers_cc26x0r2.aem3 : PowerCC26XX.oem3 (.text:Power_shutdown)
                  00006c88    0000013c     RFCC26XX_singleMode.obj (.text:RF_postCmd)
                  00006dc4    0000013c     RFCC26XX_singleMode.obj (.text:powerDownRfCore)
                  00006f00    00000138     display.aem3 : DisplaySharp.oem3 (.text:DisplaySharp_open)
                  00007038    00000138     RFCC26XX_singleMode.obj (.text:fsmPowerUpState)
                  00007170    00000134     icall.obj (.text:ICall_heapMalloc)
                  000072a4    0000012c     drivers_cc26x0r2.aem3 : PowerCC26XX.oem3 (.text:Power_init)
                  000073d0    0000012c     ble_powerbank_cc2640r2lp_stack_library.lib : osal_snv_wrapper.obj (.text:compactPage)
                  000074fc    00000128     RFCC26XX_singleMode.obj (.text:abortCmd)
                  00007624    00000128     cc2640_ll_pxxx.a : ll_scheduler.o (.text)
                  0000774c    00000124     LiPoBattService.obj (.text:LiPoBattService_WriteAttrCB)
                  00007870    00000124     drivers_cc26x0r2.aem3 : SPICC26XXDMA.oem3 (.text:SPICC26XXDMA_open)
                  00007994    00000124     ble_powerbank_cc2640r2lp_stack_library.lib : gapbondmgr.obj (.text:gapBondMgrEraseBonding)
                  00007ab8    0000011c     RFCC26XX_singleMode.obj (.text:RF_pendCmd)
                  00007bd4    00000118     RFCC26XX_singleMode.obj (.text:RF_open)
                  00007cec    00000112     cc26xx_gatt_pxxx.a : gatt_server.o (.text)
                  00007dfe    00000002     ble_powerbank_cc2640r2lp_stack_library.lib : common_rom_init.obj (.text:CommonROM_Init)
                  00007e00    00000108     ble_powerbank.obj (.text:BLE_PowerBank_processStateChangeEvt)
                  00007f08    00000108     ble_powerbank_cc2640r2lp_stack_library.lib : osal_snv_wrapper.obj (.text:NVOCOP_writeItem)
                  00008010    00000104     peripheral.obj (.text:gapRole_init)
                  00008114    00000100     drivers_cc26x0r2.aem3 : I2CCC26XX.oem3 (.text:I2CCC26XX_hwiFxn)
                  00008214    000000fc     RFCC26XX_singleMode.obj (.text:swiFxnHw)
                  00008310    000000f8     app_ble_pem3.oem3 (.text:xdc_runtime_System_printfExtend__I)
                  00008408    000000f0     RFCC26XX_singleMode.obj (.text:hwiFxnCpe0Active)
                  000084f8    000000f0     ble_powerbank_cc2640r2lp_stack_library.lib : osal_timers.obj (.text:osalTimerUpdate)
                  000085e8    000000ec                                                : gapbondmgr.obj (.text:GAPBondMgr_LinkEst)
                  000086d4    000000ec     cc26xx_profiles_pxxx.a : gattservapp.o (.text)
                  000087c0    000000e8     dpl_cc26x0r2.aem3 : PowerCC26XX_tirtos.oem3 (.text:PowerCC26XX_standbyPolicy)
                  000088a8    000000e8     drivers_cc26x0r2.aem3 : SPICC26XXDMA.oem3 (.text:SPICC26XXDMA_transferCancel)
                  00008990    000000e4     cc26xx_sm_pxxx.a : sm_pairing.o (.text)
                  00008a74    000000e2     lcd.aem3 : SharpGrLib.oem3 (.text:SharpGrLib_rectFill)
                  00008b56    00000002     display.aem3 : DisplaySharp.oem3 (.text:DisplaySharp_init)
                  00008b58    000000e0     RFCC26XX_singleMode.obj (.text:discardPendCmd)
                  00008c38    000000dc     gattservapp_util.obj (.text:GATTServApp_ProcessCharCfg)
                  00008d14    000000dc     drivers_cc26x0r2.aem3 : PINCC26XX.oem3 (.text:PINCC26XX_setIoCfg)
                  00008df0    000000dc     lcd.aem3 : SharpGrLib.oem3 (.text:SharpGrLib_flush)
                  00008ecc    000000dc     ble_powerbank_cc2640r2lp_stack_library.lib : osal.obj (.text:osal_set_event)
                  00008fa8    000000d8     icall.obj (.text:ICall_heapInit)
                  00009080    000000d8     ble_powerbank_cc2640r2lp_stack_library.lib : ble_user_config.obj (.text:setBleUserConfig)
                  00009158    000000d4     drivers_cc26x0r2.aem3 : CryptoCC26XX.oem3 (.text:CryptoCC26XX_open)
                  0000922c    000000d4     icall.obj (.text:ICall_enrollService)
                  00009300    000000cc     ble_powerbank.obj (.text:BLE_PowerBank_Shutdown)
                  000093cc    000000cc     gattservapp_util.obj (.text:gattServApp_SendNotiInd)
                  00009498    000000c8     peripheral.obj (.text:gapRole_startConnUpdate)
                  00009560    000000c4     display.aem3 : DisplaySharp.oem3 (.text:DisplaySharp_control)
                  00009624    000000c4     cc26xx_sm_pxxx.a : sm_pairing.o (.text)
                  000096e8    000000c0     drivers_cc26x0r2.aem3 : I2CCC26XX.oem3 (.text:I2CCC26XX_transfer)
                  000097a8    000000c0     icall.obj (.text:ICall_setTimer)
                  00009868    000000be     display.aem3 : DisplaySharp.oem3 (.text:DisplaySharp_vprintf)
                  00009926    00000002     driverlib.lib : rfc.obj (.text:NOROM_RFCAdi3VcoLdoVoltageMode)
                  00009928    000000bc     drivers_cc26x0r2.aem3 : PowerCC26XX.oem3 (.text:Power_releaseDependency)
                  000099e4    000000b8     cc2640_ll_pxxx.a : ll_scheduler.o (.text)
                  00009a9c    000000b4     drivers_cc26x0r2.aem3 : PowerCC26XX.oem3 (.text:Power_setDependency)
                  00009b50    000000b0     icall.obj (.text:ICall_registerApp)
                  00009c00    000000ac     driverlib.lib : setup.obj (.text:NOROM_SetupTrimDevice)
                  00009cac    000000ac     lcd.aem3 : SharpGrLib.oem3 (.text:SharpGrLib_lineDrawH)
                  00009d58    000000ac     TRNGCC26XX.obj (.text:TRNGCC26XX_getNumber)
                  00009e04    000000a8     icall.obj (.text:HEAPMGR_GETLARGESTFREEBUF)
                  00009eac    000000a8     icall.obj (.text:ICall_send)
                  00009f54    000000a8     icall.obj (.text:ICall_sendServiceComplete)
                  00009ffc    000000a8     RFCC26XX_singleMode.obj (.text:hwiFxnHw)
                  0000a0a4    000000a8     icall.obj (.text:icall_directAPI)
                  0000a14c    000000a6     drivers_cc26x0r2.aem3 : SPICC26XXDMA.oem3 (.text:SPICC26XXDMA_hwiFxn)
                  0000a1f2    00000002     ble_powerbank_cc2640r2lp_stack_library.lib : onboard.obj (.text:Onboard_soft_reset)
                  0000a1f4    000000a6     rom_sysbios.aem3 : rom_sysbios.obj (.text:xdc_runtime_Text_putSite__E)
                  0000a29a    00000002     ble_powerbank_cc2640r2lp_stack_library.lib : sm_ecc.obj (.text:SM_dhKeyCB)
                  0000a29c    000000a4                                                : gapbondmgr.obj (.text:GAPBondMgr_ResolveAddr)
                  0000a340    000000a4     icall.obj (.text:ICall_newTask)
                  0000a3e4    000000a4     ble_powerbank_cc2640r2lp_stack_library.lib : osal_cbtimer.obj (.text:cbTimerSetup)
                  0000a488    000000a4     RFCC26XX_singleMode.obj (.text:ratDispatchTime)
                  0000a52c    000000a4     RFCC26XX_singleMode.obj (.text:ratFreeChannel)
                  0000a5d0    000000a4     drivers_cc26x0r2.aem3 : PowerCC26XX.oem3 (.text:switchXOSCHFclockFunc)
                  0000a674    000000a0     icall.obj (.text:ICall_createRemoteTasksAtRuntime)
                  0000a714    000000a0     auto_init.aem3 : auto_init.oem3 (.text)
                  0000a7b4    000000a0     ble_powerbank_cc2640r2lp_stack_library.lib : gapbondmgr.obj (.text:gapBondMgrUpdateCharCfg)
                  0000a854    0000009c     RFCC26XX_singleMode.obj (.text:RF_getCurrentTime)
                  0000a8f0    0000009c     RFCC26XX_singleMode.obj (.text:dispatchNextCmd)
                  0000a98c    0000009c     rtsv7M3_T_le_eabi.lib : memcpy_t2.asm.obj (.text)
                  0000aa28    0000009a     RFCC26XX_singleMode.obj (.text:syncCb)
                  0000aac2    00000002     ble_powerbank_cc2640r2lp_stack_library.lib : sm_ecc.obj (.text:SM_p256KeyCB)
                  0000aac4    00000098     ble_powerbank.obj (.text:BLE_PowerBank_processStackMsg)
                  0000ab5c    00000098     icall_cc2650.obj (.text:ICallPlatform_pwrUpdActivityCounter)
                  0000abf4    00000098     drivers_cc26x0r2.aem3 : PINCC26XX.oem3 (.text:PIN_open)
                  0000ac8c    00000098     ble_powerbank_cc2640r2lp_stack_library.lib : osal_cbtimer.obj (.text:osal_CbTimerProcessEvent)
                  0000ad24    00000098     rom_sysbios.aem3 : rom_sysbios.obj (.text:ti_sysbios_knl_Clock_workFuncDynamic__E)
                  0000adbc    00000098                      : rom_sysbios.obj (.text:xdc_runtime_Text_putMod__E)
                  0000ae54    00000096     gattservapp_util.obj (.text:GATTServApp_ProcessCCCWriteReq)
                  0000aeea    00000096     rtsv7M3_T_le_eabi.lib : ull_div_t2.asm.obj (.text)
                  0000af80    00000090     drivers_cc26x0r2.aem3 : I2CCC26XX.oem3 (.text:I2CCC26XX_cancel)
                  0000b010    00000090     driverlib.lib : crypto.obj (.text:NOROM_CRYPTOAesLoadKey)
                  0000b0a0    00000090     RFCC26XX_singleMode.obj (.text:RF_getInfo)
                  0000b130    00000090     drivers_cc26x0r2.aem3 : SPICC26XXDMA.oem3 (.text:SPICC26XXDMA_control)
                  0000b1c0    00000090     cc2640_hci_tl_none.a : hci_tl.o (.text)
                  0000b250    00000090     cc2640_ll_pxxx.a : ll_enc.o (.text)
                  0000b2e0    0000008c     drivers_cc26x0r2.aem3 : I2CCC26XX.oem3 (.text:I2CCC26XX_primeTransfer)
                  0000b36c    0000008c     icall.obj (.text:ICall_getEntityId)
                  0000b3f8    0000008c     driverlib.lib : setup.obj (.text:TrimAfterColdResetWakeupFromShutDown)
                  0000b484    00000088     drivers_cc26x0r2.aem3 : CryptoCC26XX.oem3 (.text:CryptoCC26XX_allocateKey)
                  0000b50c    00000088     cc2640_ll_pxxx.a : ll.o (.text)
                  0000b594    00000088     cc26xx_profiles_pxxx.a : gapgattserver.o (.text)
                  0000b61c    00000088     ble_powerbank_cc2640r2lp_stack_library.lib : osal_snv_wrapper.obj (.text:writeWord)
                  0000b6a4    00000086     cc2640_ll_pxxx.a : ll_common.o (.text)
                  0000b72a    00000084     grlib.aem3 : rectangle.oem3 (.text:Graphics_fillRectangle)
                  0000b7ae    00000084     icall.obj (.text:ICall_wait)
                  0000b832    00000002     rtsv7M3_T_le_eabi.lib : _lock.c.obj (.text:_nop)
                  0000b834    00000084     ble_powerbank_cc2640r2lp_stack_library.lib : osal.obj (.text:osal_event_send)
                  0000b8b8    00000080     LiPoBattService.obj (.text:LiPoBattService_AddService)
                  0000b938    00000080     ble_powerbank_cc2640r2lp_stack_library.lib : osal_icall_ble.obj (.text:osalInitTasks)
                  0000b9b8    0000007c     ble_powerbank.obj (.text:BLE_PowerBank_sendAttRsp)
                  0000ba34    0000007c     ble_powerbank_cc2640r2lp_stack_library.lib : gapbondmgr.obj (.text:GAPBondMgr_syncResolvingList)
                  0000bab0    0000007c     lcd.aem3 : SharpGrLib.oem3 (.text:SharpGrLib_clearScreen)
                  0000bb2c    0000007c     RFCC26XX_singleMode.obj (.text:applyRfCorePatch)
                  0000bba8    0000007c     cc2640_hci_pxxx.a : hci_event.o (.text)
                  0000bc24    0000007c     cc2640_ll_pxxx.a : ll_scheduler.o (.text)
                  0000bca0    0000007c     cc26xx_gap_pxxx.a : gap_linkmgr.o (.text)
                  0000bd1c    0000007a     rtsv7M3_T_le_eabi.lib : memset_t2.asm.obj (.text)
                  0000bd96    00000002     drivers_cc26x0r2.aem3 : PowerCC26XX.oem3 (.text:emptyClockFunc)
                  0000bd98    00000078     ECCROMCC26XX.obj (.text:ECCROMCC26XX_Params_init)
                  0000be10    00000078     icall.obj (.text:ICall_createRemoteTasks)
                  0000be88    00000078     RFCC26XX_singleMode.obj (.text:Q_push)
                  0000bf00    00000078     RFCC26XX_singleMode.obj (.text:calculateDispatchTime)
                  0000bf78    00000078     cc26xx_profiles_pxxx.a : gattservapp.o (.text)
                  0000bff0    00000078     RFCC26XX_singleMode.obj (.text:cmdDispatchTime)
                  0000c068    00000078     peripheral.obj (.text:gapRole_processStackMsg)
                  0000c0e0    00000074     gattservapp_util.obj (.text:GATTServApp_InitCharCfg)
                  0000c154    00000074     HAL_I2C.obj (.text:I2C_write16)
                  0000c1c8    00000074     driverlib.lib : rfc.obj (.text:NOROM_RFCOverrideUpdate)
                  0000c23c    00000074     cc2640_ll_pxxx.a : ll_common.o (.text)
                  0000c2b0    00000074     ble_powerbank_cc2640r2lp_stack_library.lib : osal.obj (.text:osal_msg_enqueue_push)
                  0000c324    00000074     RFCC26XX_singleMode.obj (.text:ratArmChannel)
                  0000c398    00000074     rom_sysbios.aem3 : rom_sysbios.obj (.text:ti_sysbios_family_arm_cc26xx_Timer_start__E)
                  0000c40c    00000070     driverlib.lib : sys_ctrl.obj (.text:NOROM_SysCtrlAdjustRechargeAfterPowerDown)
                  0000c47c    00000070     RFCC26XX_singleMode.obj (.text:dispatchNextEvent)
                  0000c4ec    00000070     RFCC26XX_singleMode.obj (.text:fsmXOSCState)
                  0000c55c    00000070     ble_powerbank_cc2640r2lp_stack_library.lib : gapbondmgr.obj (.text:gapBondMgrBondReq)
                  0000c5cc    00000070     RFCC26XX_singleMode.obj (.text:getCmd)
                  0000c63c    00000070     drivers_cc26x0r2.aem3 : PowerCC26XX.oem3 (.text:lfClockReadyCallback)
                  0000c6ac    00000070     ble_powerbank_cc2640r2lp_stack_library.lib : osal.obj (.text:osal_msg_receive)
                  0000c71c    0000006d     rom_sysbios.aem3 : rom_sysbios.obj (.text:xdc_runtime_System_formatNum__I)
                  0000c789    00000001     --HOLE-- [fill = 0]
                  0000c78a    0000006c     CC2640R2_LAUNCHXL.obj (.text:CC2640R2_LAUNCHXL_sendExtFlashByte)
                  0000c7f6    00000002     ble_powerbank_cc2640r2lp_stack_library.lib : hal_assert.obj (.text:halAssertHandler)
                  0000c7f8    0000006c     HAL_I2C.obj (.text:I2C_read16)
                  0000c864    0000006c     icall.obj (.text:ICall_init)
                  0000c8d0    0000006c     driverlib.lib : osc.obj (.text:NOROM_OSCHF_AttemptToSwitchToXosc)
                  0000c93c    0000006c     drivers_cc26x0r2.aem3 : PowerCC26XX_calibrateRCOSC.oem3 (.text:PowerCC26XX_initiateCalibration)
                  0000c9a8    0000006c     cc2640_ll_pxxx.a : ll_scheduler.o (.text)
                  0000ca14    0000006c     drivers_cc26x0r2.aem3 : PowerCC26XX.oem3 (.text:configureXOSCHF)
                  0000ca80    0000006c     ble_powerbank_cc2640r2lp_stack_library.lib : osal_cbtimer.obj (.text:osal_CbTimerUpdate)
                  0000caec    00000068     ble_powerbank.obj (.text:BLE_powerbankCallbackFxn)
                  0000cb54    00000068     drivers_cc26x0r2.aem3 : I2CCC26XX.oem3 (.text:I2CCC26XX_close)
                  0000cbbc    00000068     driverlib.lib : sys_ctrl.obj (.text:NOROM_SysCtrl_DCDC_VoltageConditionalControl)
                  0000cc24    00000068     rtsv7M3_T_le_eabi.lib : copy_decompress_lzss.c.obj (.text:decompress:lzss:__TI_decompress_lzss)
                  0000cc8c    00000068     main.obj (.text:main)
                  0000ccf4    00000064     HAL_I2C.obj (.text:I2C_write8)
                  0000cd58    00000064     icall.obj (.text:ICall_searchTask)
                  0000cdbc    00000064     drivers_cc26x0r2.aem3 : PINCC26XX.oem3 (.text:PIN_add)
                  0000ce20    00000064     RFCC26XX_singleMode.obj (.text:RF_wakeupNotifyFxn)
                  0000ce84    00000064     cc26xx_profiles_pxxx.a : gattservapp.o (.text)
                  0000cee8    00000064     ble_powerbank_cc2640r2lp_stack_library.lib : osal_snv_wrapper.obj (.text:findItem)
                  0000cf4c    00000064     RFCC26XX_singleMode.obj (.text:ratRestartChannels)
                  0000cfb0    00000060     ble_powerbank.obj (.text:BLE_PowerBank_processGATTMsg)
                  0000d010    00000060     ECCROMCC26XX.obj (.text:ECC_initGlobals)
                  0000d070    00000060     peripheral.obj (.text:GAPRole_SendUpdateParam)
                  0000d0d0    00000060     icall.obj (.text:ICall_searchServiceEntity)
                  0000d130    00000060     util.obj (.text:Util_constructClock)
                  0000d190    00000060     RFCC26XX_singleMode.obj (.text:calculateDeltaTimeUs)
                  0000d1f0    00000060     RFCC26XX_singleMode.obj (.text:rfReleaseConstraint)
                  0000d250    00000060     ble_powerbank_cc2640r2lp_stack_library.lib : osal_icall_ble.obj (.text:stack_main)
                  0000d2b0    0000005f     rom_sysbios.aem3 : rom_sysbios.obj (.text:xdc_runtime_Text_putLab__E)
                  0000d30f    00000001     --HOLE-- [fill = 0]
                  0000d310    0000005e     ble_powerbank.obj (.text:BLE_PowerBank_processAppMsg)
                  0000d36e    0000005e     RFCC26XX_singleMode.obj (.text:cacheFsCmd)
                  0000d3cc    0000005c     display.aem3 : Display.oem3 (.text:Display_doOpen)
                  0000d428    0000005c     icall.obj (.text:ICall_msecs2Ticks)
                  0000d484    0000005c     icall.obj (.text:ICall_primEntityId2ServiceId)
                  0000d4e0    0000005c     drivers_cc26x0r2.aem3 : PowerCC26XX_calibrateRCOSC.oem3 (.text:PowerCC26XX_RCOSC_clockFunc)
                  0000d53c    0000005c                           : PowerCC26XX.oem3 (.text:PowerCC26XX_calibrate)
                  0000d598    0000005c                           : UDMACC26XX.oem3 (.text:UDMACC26XX_open)
                  0000d5f4    0000005c     cc26xx_profiles_pxxx.a : gattservapp.o (.text)
                  0000d650    0000005c     ble_powerbank_cc2640r2lp_stack_library.lib : osal_cbtimer.obj (.text:osal_CbTimerStop)
                  0000d6ac    0000005c     app_ble_pem3.oem3 (.text:xdc_runtime_Startup_getState__I)
                  0000d708    0000005a     drivers_cc26x0r2.aem3 : SPICC26XXDMA.oem3 (.text:SPICC26XXDMA_close)
                  0000d762    00000058                           : I2CCC26XX.oem3 (.text:I2CCC26XX_swiFxn)
                  0000d7ba    00000058     icall.obj (.text:ICall_fetchMsg)
                  0000d812    00000002     ble_powerbank_cc2640r2lp_stack_library.lib : hal_assert.obj (.text:halAssertSpinlock)
                  0000d814    00000058     drivers_cc26x0r2.aem3 : PINCC26XX.oem3 (.text:PIN_remove)
                  0000d86c    00000058     ble_powerbank_cc2640r2lp_stack_library.lib : gapbondmgr.obj (.text:gapBondMgrReadBonds)
                  0000d8c4    00000058                                                : osal_timers.obj (.text:osal_timer_refTimeUpdate)
                  0000d91c    00000056     drivers_cc26x0r2.aem3 : SPICC26XXDMA.oem3 (.text:SPICC26XXDMA_swiFxn)
                  0000d972    00000002     rtsv7M3_T_le_eabi.lib : div0.asm.obj (.text)
                  0000d974    00000054     HAL_I2C.obj (.text:I2C_read32)
                  0000d9c8    00000054     HAL_I2C.obj (.text:I2C_read8)
                  0000da1c    00000054     drivers_cc26x0r2.aem3 : SPICC26XXDMA.oem3 (.text:SPICC26XXDMA_initHw)
                  0000da70    00000054     lcd.aem3 : SharpGrLib.oem3 (.text:SharpGrLib_lineDrawV)
                  0000dac4    00000054     TRNGCC26XX.obj (.text:TRNGCC26XX_isParamValid)
                  0000db18    00000054     ble_powerbank_cc2640r2lp_stack_library.lib : osal_bufmgr.obj (.text:osal_bm_free)
                  0000db6c    00000052     icall.obj (.text:ICall_msgEnqueue)
                  0000dbbe    00000052     HAL_BQ27411.obj (.text:computeBlockChecksum)
                  0000dc10    00000050     ble_powerbank_cc2640r2lp_stack_library.lib : gapbondmgr.obj (.text:GAPBondMgr_LinkTerm)
                  0000dc60    00000050                                                : gapbondmgr.obj (.text:GAPBondMgr_UpdateCharCfg)
                  0000dcb0    00000050     icall.obj (.text:ICall_getMaxMSecs)
                  0000dd00    00000050     icall.obj (.text:ICall_heapFree)
                  0000dd50    00000050     cc26xx_profiles_pxxx.a : gattservapp.o (.text)
[...]
20002404  PowerCC26XX_taskKey                                                       
20002408  PowerCC26XX_swiKey                                                        
20002428  ClockP_tickPeriod                                                         
2000242c  HEAPMGR_SIZE                                                              
20002430  i2c                                                                       
20002434  rxBuffer                                                                  
20002438  tasksEvents                                                               
2000243c  trngCC26XXObjects                                                         
20002440  txBuffer                                                                  
20002444  hciGapTaskID                                                              
20002445  hciSmpTaskID                                                              
20002446  hciTestTaskID                                                             
20002447  driverlib_release_0_49664                                                 
20002448  g_hwiInt                                                                  
20002449  icall_liteTaskId                                                          
2000244a  osal_entity                                                               
2000244b  heapStart                                                                 
20004000  __stack                                                                   
20004000  heapEnd                                                                   
20004400  __STACK_END                                                               
20004400  __STACK_TOP                                                               
200044f8  RAM_BASE_ADDR                                                             
20004504  ROM_FlashJT                                                               
20004508  gapParameters                                                             
20004558  gapPeripheralCBs                                                          
20004564  gapPeripheralConnCBs                                                      
20004568  rfMode                                                                    
20004584  smResponderCBs                                                            
2000459c  slaveConnHandle                                                           
2000459e  nextHandle                                                                
200045a0  l2capMtuSize                                                              
200045a2  gapAppTaskID                                                              
200045a3  gapAdvAppTaskID                                                           
200045a4  gapUnwantedTaskID                                                         
200045a5  reqTaskId                                                                 
200045a6  gattAppTaskID                                                             
200045a7  appTaskID                                                                 
200045a8  flowCtrlTaskId                                                            
200045a9  SM_appTaskID                                                              
200045ac  resolvingList                                                             
200046ec  scanDataEntry                                                             
200047cc  wlTable                                                                   
200048a8  wlTableScan                                                               
20004988  rfObject                                                                  
20004a20  advCmd                                                                    
20004a68  localEccKeys                                                              
20004aac  initDataEntry                                                             
20004ae4  advDataEntry                                                              
20004b1c  l2capFixedChannels                                                        
20004b4c  linkCBs                                                                   
20004b7c  eccParams                                                                 
20004bac  initParam                                                                 
20004bd0  scanParam                                                                 
20004bf4  advParam                                                                  
20004c14  cryptoPRAND                                                               
20004c34  txModemTestCmd                                                            
20004c50  gapParams                                                                 
20004c6c  initCmd                                                                   
20004c84  connReqData                                                               
20004c9c  scanCmd                                                                   
20004cb4  scanOutput                                                                
20004ccc  trxTestCmd                                                                
20004ce4  rxModemTestCmd                                                            
20004cfc  rsp                                                                       
20004d14  fwParDtmCmd                                                               
20004d2c  rfSetup                                                                   
20004d44  fwParRfCmd                                                                
20004d5c  connOutput                                                                
20004d70  rxTestParam                                                               
20004d84  initDataQueue                                                             
20004d94  scanDataQueue                                                             
20004da4  advDataQueue                                                              
20004db4  advOutput                                                                 
20004dc4  txTestParam                                                               
20004dd4  initOutput                                                                
20004de0  rxTestOut                                                                 
20004dec  deviceFeatureSet                                                          
20004df8  cachedTRNGdata                                                            
20004e04  gapCurrentRandomAddr                                                      
20004e0c  slaveUpdateReq                                                            
20004e14  pBleEvtMask                                                               
20004e1c  pHciEvtMask                                                               
20004e24  pHciEvtMask2                                                              
20004e2c  ownPublicAddr                                                             
20004e34  ownRandomAddr                                                             
20004e3c  ownSavedPublicAddr                                                        
20004e44  fwImmedCmd                                                                
20004e4c  attServerNotifyTxCB                                                       
20004e50  rfEvent                                                                   
20004e58  fwParCmd                                                                  
20004e60  verInfo                                                                   
20004e68  llConns                                                                   
20004e70  fwParamImmedCmd                                                           
20004e78  privInfo                                                                  
20004e80  linkCmd                                                                   
20004e84  linkParam                                                                 
20004e88  rxDataQ                                                                   
20004e8c  txDataQ                                                                   
20004e90  rxRingBuf                                                                 
20004e94  txTestOut                                                                 
20004e98  pGapDiscReq                                                               
20004e9c  pGapAdvertState                                                           
20004ea0  pEstLink                                                                  
20004ea4  pAuthLink                                                                 
20004ea8  pfnCentralConnCBs                                                         
20004eac  pfnPeripheralConnCBs                                                      
20004eb0  pGapAdvTokens                                                             
20004eb4  pGapAdData                                                                
20004eb8  pGapScanRspData                                                           
20004ebc  pfnPeripheralCBs                                                          
20004ec0  pfnCentralCBs                                                             
20004ec4  pfnBondMgrCBs                                                             
20004ec8  serverInfoTbl                                                             
20004ecc  pServiceList                                                              
20004ed0  pfnServerProcessMsgCB                                                     
20004ed4  pfnClientProcessMsgCB                                                     
20004ed8  prepareWritesTbl                                                          
20004edc  serviceCBsList                                                            
20004ee0  pAttrValue                                                                
20004ee4  l2capChannels                                                             
20004ee8  linkDB                                                                    
20004eec  rfHandle                                                                  
20004ef0  rfDrvTblPtr                                                               
20004ef4  eccDrvTblPtr                                                              
20004ef8  cryptoDrvTblPtr                                                           
20004efc  trngDrvTblPtr                                                             
20004f00  activeConns                                                               
20004f04  SysBootMsg                                                                
20004f08  sclkSrc                                                                   
20004f0c  buildInfo                                                                 
20004f10  advInfo                                                                   
20004f14  scanInfo                                                                  
20004f18  initInfo                                                                  
20004f1c  dtmInfo                                                                   
20004f20  taskEndAction                                                             
20004f24  encParams                                                                 
20004f28  encHandle                                                                 
20004f2c  encKey                                                                    
20004f30  pPairingParams                                                            
20004f34  pfnResponderCBs                                                           
20004f38  pfnInitiatorCBs                                                           
20004f3c  gapLimitedAdvertisingTimeout                                              
20004f3e  attrLen                                                                   
20004f40  numHostBufs                                                               
20004f42  rfCmdHandle                                                               
20004f44  connInitialMaxTxOctets                                                    
20004f46  connInitialMaxTxTime                                                      
20004f48  supportedMaxTxOctets                                                      
20004f4a  supportedMaxTxTime                                                        
20004f4c  supportedMaxRxOctets                                                      
20004f4e  supportedMaxRxTime                                                        
20004f50  taskEndStatus                                                             
20004f52  postRfOperations                                                          
20004f54  rfCfgAdiVal                                                               
20004f58  gapProfileRole                                                            
20004f59  gapDeviceAddrMode                                                         
20004f5a  gapState                                                                  
20004f5b  terminateAllTaskID                                                        
20004f5c  terminateReason                                                           
20004f5d  gapTaskID                                                                 
20004f5e  gattNumConns                                                              
20004f5f  gattTaskID                                                                
20004f60  GATTServApp_TaskID                                                        
20004f61  maxNumPrepareWrites                                                       
20004f62  hciPTMenabled                                                             
20004f63  ctrlToHostEnable                                                          
20004f64  l2capFlowCtrlMode                                                         
20004f65  l2capTaskID                                                               
20004f66  l2capNumChannels                                                          
20004f67  l2capNumDataPkts                                                          
20004f68  l2capId                                                                   
20004f69  linkDBNumConns                                                            
20004f6a  linkDB_secureConnectionOnlyMode                                           
20004f6b  maxPduSize                                                                
20004f6c  rfFeModeBias                                                              
20004f6d  maxNumTxDataBufs                                                          
20004f6e  LL_TaskID                                                                 
20004f6f  llState                                                                   
20004f70  rssiCorrection                                                            
20004f71  curTxPowerVal                                                             
20004f72  maxTxPwrForDTM                                                            
20004f73  onePktPerEvt                                                              
20004f74  numComplPkts                                                              
20004f75  numComplPktsLimit                                                         
20004f76  numComplPktsFlush                                                         
20004f77  fastTxRespTime                                                            
20004f78  slOverride                                                                
20004f79  rxFifoFlowCtrl                                                            
20004f7a  numTxDataBufs                                                             
20004f7b  maxNumConns                                                               
20004f7c  smTaskID                                                                  
20004f7d  SM_appExpectingKey                                                        
20004f80  ECC_DATA$$Base                                                            
20004f80  eccRom_param_Gx                                                           
20004f84  eccRom_param_Gy                                                           
20004f88  eccRom_workzone                                                           
20004f8c  eccRom_param_p                                                            
20004f90  eccRom_param_r                                                            
20004f94  eccRom_param_a                                                            
20004f98  eccRom_param_b                                                            
20004f9c  eccRom_windowSize                                                         
20004fa0  aux64                                                                     
20004fa8  MOD                                                                       
20004fac  LEN                                                                       
20004fb0  inScalar                                                                  
20004fb4  inPointX                                                                  
20004fb8  inPointY                                                                  
20004fbc  outPointX                                                                 
20004fc0  outPointY                                                                 
20004fc4  SCAL                                                                      
20004fc8  EXPX                                                                      
20004fcc  EXPY                                                                      
20004fd0  EXPZ                                                                      
20004fd4  EXPW                                                                      
20004fd8  ACCX                                                                      
20004fdc  ACCY                                                                      
20004fe0  ACCZ                                                                      
20004fe4  TMP1                                                                      
20004fe8  TMP2                                                                      
20004fec  TMP3                                                                      
20004ff0  TMP4                                                                      
20004ff4  TMP5                                                                      
20004ff8  TMP6                                                                      
20004ffc  MSBMOD                                                                    
20005000  ECC_DATA$$Limit                                                           
20005000  __UNUSED_SRAM_end__                                                       
e000e000  ti_sysbios_family_arm_m3_Hwi_nvic                                         
ffffffff  __TI_pprof_out_hndl                                                       
ffffffff  __TI_prof_data_size                                                       
ffffffff  __TI_prof_data_start                                                      
ffffffff  __binit__                                                                 
ffffffff  __c_args__                                                                
ffffffff  binit                                                                     
UNDEFED   SHT$$INIT_ARRAY$$Base                                                     
UNDEFED   SHT$$INIT_ARRAY$$Limit                                                    

[2358 symbols]
